
**** 11/16/25 18:25:02 ****** PSpice Lite (October 2012) ****** ID# 10813 ****

 ** Profile: "SCHEMATIC1-gfds"  [ C:\Users\nitaa\Desktop\proiect cef\Schematics\pr1-pspicefiles\schematic1\gfds.sim ] 


 ****     CIRCUIT DESCRIPTION


******************************************************************************




** Creating circuit file "gfds.cir" 
** WARNING: THIS AUTOMATICALLY GENERATED FILE MAY BE OVERWRITTEN BY SUBSEQUENT SIMULATIONS

*Libraries: 
* Profile Libraries :
* Local Libraries :
.LIB "../../../biblioteci spice/bc846b.lib" 
.LIB "../../../biblioteci spice/bc856b.lib" 
.LIB "../../../biblioteci spice/opto.lib" 
* From [PSPICE NETLIST] section of C:\Users\nitaa\AppData\Roaming\SPB_16.6\cdssetup\OrCAD_PSpice/16.6.0/PSpice.ini file:
.lib "nomd.lib" 

*Analysis directives: 
.TRAN  0 4ms 0 1u SKIPBP 
.OPTIONS ADVCONV
.PROBE64 V(alias(*)) I(alias(*)) W(alias(*)) D(alias(*)) NOISE(alias(*)) 
.INC "..\SCHEMATIC1.net" 



**** INCLUDING SCHEMATIC1.net ****
* source PR1
R_R1         N13241 N11142  15k TC=0,0 
V_V1         N11142 0 5Vdc
R_R4         N11142 N55907  100 TC=0,0 
R_R5         N27119 N41311  10k TC=0,0 
Q_Q3         N23866 N18917 N13241 QBC856B 
Q_Q4         N17645 N27119 N13241 QBC856B 
Q_Q9         N17645 N17645 N55630 QBC846B 
Q_Q8         N23866 N17645 N55700 QBC846B 
R_R6         0 N18917  47k TC=0,0 
R_R8         N192121 N19228  15k TC=0,0 
V_V3         0 N17659 5Vdc
Q_Q5         N27578 N23866 N17659 QBC846B 
Q_Q11         N11142 N26865 N19228 QBC846B 
Q_Q10         N17659 N26902 N19228 QBC856B 
R_R10         N26902 N17659  9.1k TC=0,0 
R_R11         N11142 N26865  9.1k TC=0,0 
C_C1         N27119 0  100p  TC=0,0 
R_R12         N18917 N27578  47k TC=0,0 
X_P1         N27578 N27578 N41311 POT PARAMS: SET=1 VALUE=10k
R_R13         N416411 N41671  3.9k TC=0,0 
X_P2         N41671 N41581 0 POT PARAMS: SET=1 VALUE=10k
C_C2         N27578 N416411  1u  TC=0,0 
R_R16         N27119 N41311  82k TC=0,0 
C_C3         N27119 0  470p  TC=0,0 
D_D3         N26865 N41581 D1N4148 
D_D4         N41581 N26902 D1N4148 
D_LED1         N11142 N536461 MLED81
R_R14         N536461 0  330 TC=0,0 
R_R15         N17659 N540281  330 TC=0,0 
D_LED2         0 N540281 MLED81
C_C4         N27119 0  100p  TC=0,0 
R_R17         0 N192121  2k TC=0,0 
R_R18         N17659 N55630  51 TC=0,0 
R_R19         N17659 N55700  51 TC=0,0 
Q_Q12         N27578 N56042 N55907 QBC856B 
D_D5         N11142 N559671 D1N4148 
D_D6         N559671 N56042 D1N4148 
R_R20         0 N56042  3.9k TC=0,0 

**** RESUMING gfds.cir ****
.END

**** 11/16/25 18:25:02 ****** PSpice Lite (October 2012) ****** ID# 10813 ****

 ** Profile: "SCHEMATIC1-gfds"  [ C:\Users\nitaa\Desktop\proiect cef\Schematics\pr1-pspicefiles\schematic1\gfds.sim ] 


 ****     Diode MODEL PARAMETERS


******************************************************************************




               MLED81          D1N4148         
          IS   10.000000E-09    2.682000E-09 
           N    1.1248          1.836        
         ISR   10.010000E-21    1.565000E-09 
         IKF   45.752000E-15     .04417      
          BV    5.4169        100            
         IBV   10             100.000000E-06 
          RS    1.2366           .5664       
          TT    5.000000E-09   11.540000E-09 
         CJO   25.000000E-12    4.000000E-12 
          VJ     .75             .5          
           M     .3333           .3333       


**** 11/16/25 18:25:02 ****** PSpice Lite (October 2012) ****** ID# 10813 ****

 ** Profile: "SCHEMATIC1-gfds"  [ C:\Users\nitaa\Desktop\proiect cef\Schematics\pr1-pspicefiles\schematic1\gfds.sim ] 


 ****     BJT MODEL PARAMETERS


******************************************************************************




               QBC846B         QBC856B         
               NPN             PNP             
       LEVEL    1               1            
          IS   18.220000E-15   20.140000E-15 
          BF  324.4           315.3          
          NF     .9932           .9974       
         VAF   82              39.15         
         IKF     .109            .079        
         ISE  289.400000E-18    6.578000E-15 
          NE    1.4             1.45         
          BR    8.29            8.68         
          NR     .9931           .9952       
         VAR   17.9             9.5          
         IKR     .09             .09         
         ISC    9.982000E-12   16.330000E-15 
          NC    1.763           1.15         
         ISS    0               0            
          RB   10              10            
         RBM    5               5.000000E-06 
         IRB    5.000000E-06    5.000000E-06 
          RE     .649            .663        
          RC     .7014           .718        
         CJE   12.440000E-12   11.350000E-12 
         VJE     .7579           .7071       
         MJE     .3656           .3808       
         CJC    3.347000E-12    6.395000E-12 
         VJC     .5463           .4951       
         MJC     .391            .44         
        XCJC     .6193           .6288       
         CJS    0               0            
         VJS     .75             .75         
         MJS     .333            .333        
          FC     .979            .9059       
          TF  490.800000E-12  654.600000E-12 
         XTF    9.51            5.387        
         VTF    2.927           6.245        
         ITF     .3131           .2108       
          TR   90.000000E-09   55.000000E-09 
          KF    0               0            
          AF    1               1            
          CN    2.42            2.2          
           D     .87             .52         



          JOB CONCLUDED

**** 11/16/25 18:25:02 ****** PSpice Lite (October 2012) ****** ID# 10813 ****

 ** Profile: "SCHEMATIC1-gfds"  [ C:\Users\nitaa\Desktop\proiect cef\Schematics\pr1-pspicefiles\schematic1\gfds.sim ] 


 ****     JOB STATISTICS SUMMARY


******************************************************************************



  Total job time (using Solver 1)   =        3.06
